[2026-05-09 17:07:06][info][eth_watch] Remote bootstrap refresh for chain 'polygon-mainnet' from https://enodes.gnus.ai/chain_enodes.json.gz => unchanged (/Users/Shared/SSDevelopment/Development/GeniusVentures/GeniusNetwork/SuperGenius/evmrelay/examples/../build/OSX/Debug/examples/eth_watch/chain_enodes.json)
[2026-05-09 17:07:06][info][eth_watch] Loaded 11 local bootstrap peers for chain 'polygon-mainnet' from /Users/Shared/SSDevelopment/Development/GeniusVentures/GeniusNetwork/SuperGenius/evmrelay/examples/../build/OSX/Debug/examples/eth_watch/chain_enodes.json
Running discv4 peer discovery...
[2026-05-09 17:07:07][info][eth_watch] Watching: Transfer(address,address,uint256) on contract 0x127E47abA094a9a87D084a3a93732909Ff031419
[2026-05-09 17:07:07][info][eth_watch] Watching: Transfer(address,address,uint256) on contract 0x127E47abA094a9a87D084a3a93732909Ff031419
[2026-05-09 17:07:07][warning][eth_watch] generic_handler: ETH Status decode failed, payload_size=89, error=7
[2026-05-09 17:07:07][warning][eth_watch] generic_handler: ETH Status decode failed, payload_size=89, error=7
[2026-05-09 17:07:07][info][eth_watch] Watching: Transfer(address,address,uint256) on contract 0x127E47abA094a9a87D084a3a93732909Ff031419
[2026-05-09 17:07:07][info][eth_watch] Watching: Transfer(address,address,uint256) on contract 0x127E47abA094a9a87D084a3a93732909Ff031419
[2026-05-09 17:07:07][info][eth_watch] Watching: Transfer(address,address,uint256) on contract 0x127E47abA094a9a87D084a3a93732909Ff031419
[2026-05-09 17:07:07][info][eth_watch] Watching: Transfer(address,address,uint256) on contract 0x127E47abA094a9a87D084a3a93732909Ff031419
[2026-05-09 17:07:07][warning][eth_watch] generic_handler: ETH Status decode failed, payload_size=89, error=7
[2026-05-09 17:07:07][warning][eth_watch] generic_handler: ETH Status decode failed, payload_size=84, error=7
[2026-05-09 17:07:07][warning][eth_watch] generic_handler: ETH Status decode failed, payload_size=84, error=7
[2026-05-09 17:07:07][info][eth_watch] ETH Status: network_id=137 protocol=66 latest_block=0
[2026-05-09 17:07:07][info][eth_watch] Connected. Watching for events...
[2026-05-09 17:07:07][info][eth_watch] Watch stats: eth_messages=0 new_block_hashes=0 new_blocks=0 receipts_messages=0 decode_failures=0 receipts_requested=0 receipts_processed=0 logs_seen=0 matched_logs=0 discarded_logs=0 subscriptions=1
[2026-05-09 17:07:07][info][eth_watch] Watching: Transfer(address,address,uint256) on contract 0x127E47abA094a9a87D084a3a93732909Ff031419
[2026-05-09 17:07:07][warning][eth_watch] ETH Status: network_id mismatch (peer=369, ours=137)
[2026-05-09 17:07:07][info][eth_watch] Watching: Transfer(address,address,uint256) on contract 0x127E47abA094a9a87D084a3a93732909Ff031419
[2026-05-09 17:07:07][info][eth_watch] Watching: Transfer(address,address,uint256) on contract 0x127E47abA094a9a87D084a3a93732909Ff031419
[2026-05-09 17:07:07][warning][eth_watch] ETH Status: network_id mismatch (peer=369, ours=137)
[2026-05-09 17:07:08][info][eth_watch] Watching: Transfer(address,address,uint256) on contract 0x127E47abA094a9a87D084a3a93732909Ff031419
[2026-05-09 17:07:08][warning][eth_watch] ETH Status: network_id mismatch (peer=9745, ours=137)
[2026-05-09 17:07:08][warning][eth_watch] ETH Status: network_id mismatch (peer=369, ours=137)
[2026-05-09 17:07:08][info][eth_watch] Watching: Transfer(address,address,uint256) on contract 0x127E47abA094a9a87D084a3a93732909Ff031419
[2026-05-09 17:07:08][warning][eth_watch] ETH Status: network_id mismatch (peer=6666665, ours=137)
[2026-05-09 17:07:08][info][eth_watch] Watching: Transfer(address,address,uint256) on contract 0x127E47abA094a9a87D084a3a93732909Ff031419
[2026-05-09 17:07:08][info][eth_watch] Watching: Transfer(address,address,uint256) on contract 0x127E47abA094a9a87D084a3a93732909Ff031419
libc++abi: terminating due to uncaught exception of type boost::coroutines::detail::forced_unwind
