[2026-05-09 12:23:21][info][eth_watch] Loaded 9 local bootstrap peers for chain 'ethereum-sepolia' from /Users/Shared/SSDevelopment/Development/GeniusVentures/GeniusNetwork/SuperGenius/evmrelay/examples/../rlp_enodes/output/chain_enodes.json
Running discv4 peer discovery...
[2026-05-09 12:23:21][info][eth_watch] Watching: Transfer(address,address,uint256) on contract 0x9af8050220D8C355CA3c6dC00a78B474cd3e3c70
[2026-05-09 12:23:21][info][eth_watch] ETH Status: network_id=11155111 protocol=68 latest_block=0
[2026-05-09 12:23:21][info][eth_watch] Connected. Watching for events...
[2026-05-09 12:23:21][info][eth_watch] Watch stats: eth_messages=0 new_block_hashes=0 new_blocks=0 receipts_messages=0 decode_failures=0 receipts_requested=0 receipts_processed=0 logs_seen=0 matched_logs=0 discarded_logs=0 subscriptions=1
[2026-05-09 12:23:21][info][eth_watch] Watching: Transfer(address,address,uint256) on contract 0x9af8050220D8C355CA3c6dC00a78B474cd3e3c70
[2026-05-09 12:23:21][info][eth_watch] Watching: Transfer(address,address,uint256) on contract 0x9af8050220D8C355CA3c6dC00a78B474cd3e3c70
[2026-05-09 12:23:21][info][eth_watch] Watching: Transfer(address,address,uint256) on contract 0x9af8050220D8C355CA3c6dC00a78B474cd3e3c70
[2026-05-09 12:23:21][info][eth_watch] Watching: Transfer(address,address,uint256) on contract 0x9af8050220D8C355CA3c6dC00a78B474cd3e3c70
[2026-05-09 12:23:21][warning][eth_watch] ETH Status: network_id mismatch (peer=137, ours=11155111)
[2026-05-09 12:23:21][info][eth_watch] Watching: Transfer(address,address,uint256) on contract 0x9af8050220D8C355CA3c6dC00a78B474cd3e3c70
[2026-05-09 12:23:21][warning][eth_watch] ETH Status: network_id mismatch (peer=369, ours=11155111)
[2026-05-09 12:23:21][warning][eth_watch] ETH Status: network_id mismatch (peer=369, ours=11155111)
[2026-05-09 12:23:22][warning][eth_watch] ETH Status: network_id mismatch (peer=369, ours=11155111)
[2026-05-09 12:23:22][info][eth_watch] Watching: Transfer(address,address,uint256) on contract 0x9af8050220D8C355CA3c6dC00a78B474cd3e3c70
[2026-05-09 12:23:22][info][eth_watch] ETH Status: network_id=11155111 protocol=68 latest_block=0
[2026-05-09 12:23:22][info][eth_watch] Connected. Watching for events...
[2026-05-09 12:23:22][info][eth_watch] Watch stats: eth_messages=0 new_block_hashes=0 new_blocks=0 receipts_messages=0 decode_failures=0 receipts_requested=0 receipts_processed=0 logs_seen=0 matched_logs=0 discarded_logs=0 subscriptions=1
[2026-05-09 12:23:22][warning][eth_watch] ETH Status: network_id mismatch (peer=137, ours=11155111)
[2026-05-09 12:23:30][info][eth_watch] Watching: Transfer(address,address,uint256) on contract 0x9af8050220D8C355CA3c6dC00a78B474cd3e3c70
[2026-05-09 12:23:30][warning][eth_watch] ETH Status: network_id mismatch (peer=369, ours=11155111)
libc++abi: terminating due to uncaught exception of type boost::coroutines::detail::forced_unwind
